Microsoft (R) Macro Assembler Version 14.16.27026.1	    05/19/19 12:56:07
LP_Asm02.asm						     Page 1 - 1


				.586p
				.model flat, stdcall
				includelib kernel32.lib
				ExitProcess proto : dword
				MessageBoxA proto : dword, : dword, : dword, : dword
				.stack 4096
 00000000			.const

 00000000			.data
 = 00000000			MB_OK equ 0
 00000000 D0 E5 E7 F3 EB	str1 byte "Результат", 0
	   FC F2 E0 F2 00
 0000000A D0 E5 E7 F3 EB	str2 byte "Результат сложения: ", 0
	   FC F2 E0 F2 20
	   F1 EB EE E6 E5
	   ED E8 FF 3A 20
	   00
 0000001F 00000000		HW DD ?

 00000000			.code
 00000000			main proc
 00000000  B0 03			mov al, 3d
 00000002  04 06			add al, 6d
 00000004  04 30			add al, 48
 00000006  A2 0000001E R		mov str2[20], al
 0000000B  6A 00			push MB_OK
 0000000D  68 00000000 R		push offset str1
 00000012  68 0000000A R		push offset str2
 00000017  FF 35 0000001F R		push HW
 0000001D  E8 00000000 E		call MessageBoxA
 00000022  6A 00			push 0
 00000024  E8 00000000 E		call ExitProcess
 00000029				main endp
				end main
Microsoft (R) Macro Assembler Version 14.16.27026.1	    05/19/19 12:56:07
LP_Asm02.asm						     Symbols 2 - 1




Segments and Groups:

                N a m e                 Size     Length   Align   Combine Class

CONST  . . . . . . . . . . . . .	32 Bit	 00000000 Para	  Public  'CONST'	 ReadOnly
FLAT . . . . . . . . . . . . . .	GROUP
STACK  . . . . . . . . . . . . .	32 Bit	 00001000 Para	  Stack	  'STACK'	 
_DATA  . . . . . . . . . . . . .	32 Bit	 00000023 Para	  Public  'DATA'	
_TEXT  . . . . . . . . . . . . .	32 Bit	 00000029 Para	  Public  'CODE'	


Procedures, parameters, and locals:

                N a m e                 Type     Value    Attr

ExitProcess  . . . . . . . . . .	P Near	 00000000 FLAT	Length= 00000000 External STDCALL
MessageBoxA  . . . . . . . . . .	P Near	 00000000 FLAT	Length= 00000000 External STDCALL
main . . . . . . . . . . . . . .	P Near	 00000000 _TEXT	Length= 00000029 Public STDCALL


Symbols:

                N a m e                 Type     Value    Attr

@CodeSize  . . . . . . . . . . .	Number	 00000000h   
@DataSize  . . . . . . . . . . .	Number	 00000000h   
@Interface . . . . . . . . . . .	Number	 00000003h   
@Model . . . . . . . . . . . . .	Number	 00000007h   
@code  . . . . . . . . . . . . .	Text   	 _TEXT
@data  . . . . . . . . . . . . .	Text   	 FLAT
@fardata?  . . . . . . . . . . .	Text   	 FLAT
@fardata . . . . . . . . . . . .	Text   	 FLAT
@stack . . . . . . . . . . . . .	Text   	 FLAT
HW . . . . . . . . . . . . . . .	DWord	 0000001F _DATA	
MB_OK  . . . . . . . . . . . . .	Number	 00000000h   
str1 . . . . . . . . . . . . . .	Byte	 00000000 _DATA	
str2 . . . . . . . . . . . . . .	Byte	 0000000A _DATA	

	   0 Warnings
	   0 Errors
